// Jest Snapshot v1, https://goo.gl/fbAQLP

exports[`<DefaultLayout /> snapshot 1`] = `
<DocumentFragment>
  <div
    class="sc-kDvujY deqzft"
  >
    <nav
      class="sc-bcXHqe VGQoE"
    >
      <div
        class="sc-gswNZR gnyjtI"
      >
        <div
          class="sc-dkrFOg sc-eDvSVe cdytEU"
        >
          <a
            aria-current="page"
            class="sc-hLBbgP jRuRZg ({ isActive }) => (isActive ? 'active' : '') active"
            href="/"
          >
            <logo.svg
              height="32px"
              width="32px"
            />
          </a>
          <a
            aria-current="page"
            class="sc-hLBbgP jRuRZg ({ isActive }) => (isActive ? 'active' : '') active"
            href="/"
          >
            Recent Articles
          </a>
          <a
            class="sc-hLBbgP jRuRZg ({ isActive }) => (isActive ? 'active' : '')"
            href="/about"
          >
            About
          </a>
        </div>
        <div
          class="sc-dkrFOg sc-jSUZER cdytEU bSnNRB"
        >
          <a
            class="sc-hLBbgP jRuRZg ({ isActive }) => (isActive ? 'active' : '')"
            href="/login"
          >
            Log in
          </a>
        </div>
      </div>
    </nav>
    <div
      class="sc-gKPRtg cTckiS"
    />
    <div
      class="sc-ipEyDJ iiqJwz"
    />
  </div>
</DocumentFragment>
`;
